eeschema (2013-02-27 BZR 3976)-stable  >> Creation date: 4/18/2013 11:31:50 PM
#Cmp ( order = Reference )
| 12V1       LED         
| 3V1        LED         
| 5V1        LED         
| C1         CYA         
| C2         CYA         
| C3         CYA         
| C4         CYA         
| C5         100n        
| C6         10uF        
| C7         100nF       
| C8         100nF       
| C9         3.3nF       
| C10        100nF       
| C11        DNP         
| C12        22uF        
| C13        22nF        
| C14        100nF       
| C15        100nF       
| C16        0.047uF     
| C17        0.047uF     
| C18        100nf       
| C19        C           
| C20        100nF       
| C21        10nF        
| C22        C           
| C23        C           
| C24        1nF         
| C25        10nF        
| C26        C           
| C27        C           
| D1         BAT54C      
| D2         BAT54C      
| D3         BAT54C      
| D4         BAT54C      
| D5         BAT54C      
| D6         BAT54C      
| D7         BAT54C      
| D8         BAT54C      
| D9         ZENERSMALL  
| D10        ZENERSMALL  
| D11        ZENERSMALL  
| D12        ZENERSMALL  
| D13        DIODE       
| D14        DIODE       
| D15        LED         
| D16        LED         
| D17        DIODE       
| D18        DIODE       
| D19        LED         
| D20        LED         
| D21        DIODE       
| D22        DIODE       
| D23        LED         
| D24        LED         
| D25        DIODE       
| D26        DIODE       
| D27        LED         
| D28        LED         
| D29        DNP         
| D30        ZENER       
| D31        ZENER       
| DBG1       LED         
| F1         40A         
| F2         40A         
| HB1        LED         
| L1         15uH        
| P1         SW_0        
| P2         SW_2        
| P3         SW_1        
| P4         SW_3        
| P5         LMP_0       
| P6         LMP_1       
| P7         CONN_2X2    
| P8         CONN_2X2    
| P9         CONN_2X2    
| P10        CONN_2X2    
| P11        CONN_5      
| P12        CONN_6      
| P13        CONN_4      
| P14        JTAG        
| PWR1       LED         
| Q1         NPN         
| Q2         NPN         
| Q3         NPN         
| Q4         NPN         
| Q5         NPN         
| Q6         NPN         
| Q7         NPN         
| Q8         NPN         
| Q9         NPN         
| Q10        NPN         
| Q11        NPN         
| Q12        NPN         
| Q13        DUAL_MOSFET_P
| Q14        DUAL_MOSFET_N
| Q15        DUAL_MOSFET_P
| Q16        DUAL_MOSFET_N
| Q17        NPN         
| Q18        NPN         
| Q19        NPN         
| Q20        NPN         
| Q21        NPN         
| Q22        NPN         
| Q23        NPN         
| Q24        NPN         
| Q25        DUAL_MOSFET_N
| Q26        DUAL_MOSFET_N
| Q27        DUAL_MOSFET_N
| Q28        DUAL_MOSFET_N
| R1         R           
| R2         R           
| R3         R           
| R4         R           
| R5         R           
| R6         R           
| R7         R           
| R8         R           
| R9         R           
| R10        R           
| R11        R           
| R12        R           
| R13        R           
| R14        R           
| R15        R           
| R16        R           
| R17        R           
| R18        R           
| R19        R           
| R20        R           
| R21        R           
| R22        R           
| R23        R           
| R24        R           
| R25        R           
| R26        R           
| R27        R           
| R28        R           
| R29        R           
| R30        R           
| R31        R           
| R32        R           
| R33        R           
| R34        R           
| R35        R           
| R36        R           
| R37        R           
| R38        R           
| R39        R           
| R40        R           
| R41        R           
| R42        R           
| R43        R           
| R44        R           
| R45        100k        
| R46        20k         
| R47        62k         
| R48        11.8k       
| R49        R           
| R50        680         
| R51        1K          
| R52        R           
| R53        R           
| R54        R           
| R55        R           
| R56        0           
| R57        DNP         
| R58        60          
| R59        60          
| R60        R           
| R61        R           
| R62        R           
| R63        R           
| R64        R           
| R65        R           
| R66        R           
| RP1        R_PACK4     
| RP2        R_PACK4     
| RP3        R_PACK4     
| RP4        R_PACK4     
| RP5        R_PACK4     
| RP6        R_PACK4     
| RP7        R_PACK4     
| RP8        R_PACK4     
| RP9        R_PACK4     
| RP10       R_PACK4     
| RP11       R_PACK4     
| RP12       R_PACK4     
| RP13       R_PACK4     
| RP14       R_PACK8     
| RP15       R_PACK8     
| SW1        DIPS_08     
| SW2        DIPS_08     
| U1         74HC14      
| U2         RT7247AHGSP 
| U3         LM1117      
| U4         LMP8480_/_LMP8481
| U5         MCP6001     
| U6         TS1102      
| U7         TS1102      
| U8         LPC11C22FBD48/301,_LPC11C24FBD48/301
| U9         74LS595     
| U10        74LS165     
| U11        74LS165     
| X1         12MHz       
#End Cmp

#Cmp ( order = Value )
| 1nF          C24       
| 3.3nF        C9        
| 10nF         C21       
| 10nF         C25       
| 22nF         C13       
| 0.047uF      C16       
| 0.047uF      C17       
| 100n         C5        
| 100nF        C7        
| 100nF        C8        
| 100nF        C10       
| 100nF        C14       
| 100nF        C15       
| 100nf        C18       
| 100nF        C20       
| 10uF         C6        
| 22uF         C12       
| C            C27       
| CYA          C1        
| CYA          C2        
| CYA          C3        
| CYA          C4        
| DNP          C11       
| C            C19       
| C            C22       
| C            C23       
| C            C26       
| BAT54C       D1        
| BAT54C       D2        
| BAT54C       D3        
| BAT54C       D4        
| BAT54C       D5        
| BAT54C       D6        
| BAT54C       D7        
| BAT54C       D8        
| ZENERSMALL   D9        
| ZENERSMALL   D10       
| ZENERSMALL   D11       
| ZENERSMALL   D12       
| DIODE        D13       
| DIODE        D14       
| LED          D15       
| LED          D16       
| DIODE        D17       
| DIODE        D18       
| LED          D19       
| LED          D20       
| DIODE        D21       
| DIODE        D22       
| LED          D23       
| LED          D24       
| DIODE        D25       
| DIODE        D26       
| LED          D27       
| LED          D28       
| DNP          D29       
| ZENER        D30       
| ZENER        D31       
| LED          DBG1      
| 40A          F1        
| 40A          F2        
| LED          HB1       
| 15uH         L1        
| SW_0         P1        
| SW_2         P2        
| SW_1         P3        
| SW_3         P4        
| LMP_0        P5        
| LMP_1        P6        
| CONN_2X2     P7        
| CONN_2X2     P8        
| CONN_2X2     P9        
| CONN_2X2     P10       
| CONN_5       P11       
| CONN_6       P12       
| CONN_4       P13       
| JTAG         P14       
| LED          PWR1      
| NPN          Q1        
| NPN          Q2        
| NPN          Q3        
| NPN          Q4        
| NPN          Q5        
| NPN          Q6        
| NPN          Q7        
| NPN          Q8        
| NPN          Q9        
| NPN          Q10       
| NPN          Q11       
| NPN          Q12       
| DUAL_MOSFET_P Q13       
| DUAL_MOSFET_N Q14       
| DUAL_MOSFET_P Q15       
| DUAL_MOSFET_N Q16       
| NPN          Q17       
| NPN          Q18       
| NPN          Q19       
| NPN          Q20       
| NPN          Q21       
| NPN          Q22       
| NPN          Q23       
| NPN          Q24       
| DUAL_MOSFET_N Q25       
| DUAL_MOSFET_N Q26       
| DUAL_MOSFET_N Q27       
| DUAL_MOSFET_N Q28       
| 0            R56       
| 60           R58       
| 60           R59       
| 680          R50       
| 1K           R51       
| 11.8k        R48       
| 20k          R46       
| 62k          R47       
| 100k         R45       
| R            R60       
| R            R1        
| R            R2        
| R            R3        
| R            R4        
| R            R5        
| R            R6        
| R            R7        
| R            R8        
| R            R9        
| R            R10       
| R            R11       
| R            R12       
| R            R13       
| R            R14       
| R            R15       
| R            R16       
| R            R17       
| R            R18       
| R            R19       
| R            R20       
| R            R21       
| R            R22       
| R            R23       
| R            R24       
| R            R25       
| R            R26       
| R            R27       
| R            R28       
| R            R29       
| R            R30       
| R            R31       
| R            R32       
| R            R33       
| R            R34       
| R            R35       
| R            R36       
| R            R37       
| R            R38       
| R            R39       
| R            R40       
| R            R41       
| R            R42       
| R            R43       
| R            R44       
| R            R49       
| R            R52       
| R            R53       
| R            R54       
| R            R55       
| DNP          R57       
| R            R61       
| R            R62       
| R            R63       
| R            R64       
| R            R65       
| R            R66       
| R_PACK4      RP1       
| R_PACK4      RP2       
| R_PACK4      RP3       
| R_PACK4      RP4       
| R_PACK4      RP5       
| R_PACK4      RP6       
| R_PACK4      RP7       
| R_PACK4      RP8       
| R_PACK4      RP9       
| R_PACK4      RP10      
| R_PACK4      RP11      
| R_PACK4      RP12      
| R_PACK4      RP13      
| R_PACK8      RP14      
| R_PACK8      RP15      
| DIPS_08      SW1       
| DIPS_08      SW2       
| MCP6001      U5        
| TS1102       U6        
| TS1102       U7        
| LM1117       U3        
| 74HC14       U1        
| RT7247AHGSP  U2        
| LMP8480_/_LMP8481 U4        
| LPC11C22FBD48/301,_LPC11C24FBD48/301 U8        
| 74LS595      U9        
| 74LS165      U10       
| 74LS165      U11       
| LED          12V1      
| 12MHz        X1        
| LED          5V1       
| LED          3V1       
#End Cmp

#End List
